Copyright 1986-2022 Xilinx, Inc. All Rights Reserved. Copyright 2022-2026 Advanced Micro Devices, Inc. All Rights Reserved.
---------------------------------------------------------------------------------------------------------------------------------------------
| Tool Version : Vivado v.2026.1 (lin64) Build 6511674 Tue Jun 16 11:01:26 MDT 2026
| Date         : Sun Sep 13 20:16:11 2026
| Host         : Loki running 64-bit Ubuntu 26.04 LTS
| Command      : report_timing_summary -file /home/lokibuns/fpga-low-latency-market-pipeline/build/100mhz/reports/post_synth_timing.rpt
| Design       : market_pipeline_top
| Device       : 7a35t-cpg236
| Speed File   : -1  PRODUCTION 1.23 2018-06-13
| Design State : Synthesized
---------------------------------------------------------------------------------------------------------------------------------------------

Timing Summary Report

------------------------------------------------------------------------------------------------
| Timer Settings
| --------------
------------------------------------------------------------------------------------------------

  Enable Multi Corner Analysis               :  Yes
  Enable Pessimism Removal                   :  Yes
  Pessimism Removal Resolution               :  Nearest Common Node
  Enable Input Delay Default Clock           :  No
  Enable Preset / Clear Arcs                 :  No
  Disable Flight Delays                      :  No
  Ignore I/O Paths                           :  No
  Timing Early Launch at Borrowing Latches   :  No
  Borrow Time for Max Delay Exceptions       :  Yes
  Merge Timing Exceptions                    :  Yes
  Inter-SLR Compensation                     :  Conservative

  Corner  Analyze    Analyze    
  Name    Max Paths  Min Paths  
  ------  ---------  ---------  
  Slow    Yes        Yes        
  Fast    Yes        Yes        


------------------------------------------------------------------------------------------------
| Report Methodology
| ------------------
------------------------------------------------------------------------------------------------

No report available as report_methodology has not been run prior. Run report_methodology on the current design for the summary of methodology violations.



check_timing report

Table of Contents
-----------------
1. checking no_clock (0)
2. checking constant_clock (0)
3. checking pulse_width_clock (0)
4. checking unconstrained_internal_endpoints (0)
5. checking no_input_delay (3)
6. checking no_output_delay (27)
7. checking multiple_clock (0)
8. checking generated_clocks (0)
9. checking loops (0)
10. checking partial_input_delay (0)
11. checking partial_output_delay (0)
12. checking latch_loops (0)

1. checking no_clock (0)
------------------------
 There are 0 register/latch pins with no clock.


2. checking constant_clock (0)
------------------------------
 There are 0 register/latch pins with constant_clock.


3. checking pulse_width_clock (0)
---------------------------------
 There are 0 register/latch pins which need pulse_width check


4. checking unconstrained_internal_endpoints (0)
------------------------------------------------
 There are 0 pins that are not constrained for maximum delay.

 There are 0 pins that are not constrained for maximum delay due to constant clock.


5. checking no_input_delay (3)
------------------------------
 There are 0 input ports with no input delay specified.

 There are 3 input ports with no input delay but user has a false path constraint. (MEDIUM)


6. checking no_output_delay (27)
--------------------------------
 There are 0 ports with no output delay specified.

 There are 27 ports with no output delay but user has a false path constraint (MEDIUM)

 There are 0 ports with no output delay but with a timing clock defined on it or propagating through it


7. checking multiple_clock (0)
------------------------------
 There are 0 register/latch pins with multiple clocks.


8. checking generated_clocks (0)
--------------------------------
 There are 0 generated clocks that are not connected to a clock source.


9. checking loops (0)
---------------------
 There are 0 combinational loops in the design.


10. checking partial_input_delay (0)
------------------------------------
 There are 0 input ports with partial input delay specified.


11. checking partial_output_delay (0)
-------------------------------------
 There are 0 ports with partial output delay specified.


12. checking latch_loops (0)
----------------------------
 There are 0 combinational latch loops in the design through latch input



------------------------------------------------------------------------------------------------
| Design Timing Summary
| ---------------------
------------------------------------------------------------------------------------------------

    WNS(ns)      TNS(ns)  TNS Failing Endpoints  TNS Total Endpoints      WHS(ns)      THS(ns)  THS Failing Endpoints  THS Total Endpoints     WPWS(ns)     TPWS(ns)  TPWS Failing Endpoints  TPWS Total Endpoints  
    -------      -------  ---------------------  -------------------      -------      -------  ---------------------  -------------------     --------     --------  ----------------------  --------------------  
      1.283        0.000                      0                 6714        0.045        0.000                      0                 6714        4.020        0.000                       0                  2391  


All user specified timing constraints are met.


------------------------------------------------------------------------------------------------
| Clock Summary
| -------------
------------------------------------------------------------------------------------------------

Clock    Waveform(ns)       Period(ns)      Frequency(MHz)
-----    ------------       ----------      --------------
sys_clk  {0.000 5.000}      10.000          100.000         


------------------------------------------------------------------------------------------------
| Intra Clock Table
| -----------------
------------------------------------------------------------------------------------------------

Clock             WNS(ns)      TNS(ns)  TNS Failing Endpoints  TNS Total Endpoints      WHS(ns)      THS(ns)  THS Failing Endpoints  THS Total Endpoints     WPWS(ns)     TPWS(ns)  TPWS Failing Endpoints  TPWS Total Endpoints  
-----             -------      -------  ---------------------  -------------------      -------      -------  ---------------------  -------------------     --------     --------  ----------------------  --------------------  
sys_clk             1.283        0.000                      0                 4342        0.045        0.000                      0                 4342        4.020        0.000                       0                  2391  


------------------------------------------------------------------------------------------------
| Inter Clock Table
| -----------------
------------------------------------------------------------------------------------------------

From Clock    To Clock          WNS(ns)      TNS(ns)  TNS Failing Endpoints  TNS Total Endpoints      WHS(ns)      THS(ns)  THS Failing Endpoints  THS Total Endpoints  
----------    --------          -------      -------  ---------------------  -------------------      -------      -------  ---------------------  -------------------  


------------------------------------------------------------------------------------------------
| Other Path Groups Table
| -----------------------
------------------------------------------------------------------------------------------------

Path Group         From Clock         To Clock               WNS(ns)      TNS(ns)  TNS Failing Endpoints  TNS Total Endpoints      WHS(ns)      THS(ns)  THS Failing Endpoints  THS Total Endpoints  
----------         ----------         --------               -------      -------  ---------------------  -------------------      -------      -------  ---------------------  -------------------  
**async_default**  sys_clk            sys_clk                  7.411        0.000                      0                 2372        0.705        0.000                      0                 2372  


------------------------------------------------------------------------------------------------
| Timing Details
| --------------
------------------------------------------------------------------------------------------------


---------------------------------------------------------------------------------------------------
From Clock:  sys_clk
  To Clock:  sys_clk

Setup :            0  Failing Endpoints,  Worst Slack        1.283ns,  Total Violation        0.000ns
Hold  :            0  Failing Endpoints,  Worst Slack        0.045ns,  Total Violation        0.000ns
PW    :            0  Failing Endpoints,  Worst Slack        4.020ns,  Total Violation        0.000ns
---------------------------------------------------------------------------------------------------


Max Delay Paths
--------------------------------------------------------------------------------------
Slack (MET) :             1.283ns  (required time - arrival time)
  Source:                 u_tob/m_book_reg[bid_qty][1]/C
                            (rising edge-triggered cell FDCE clocked by sys_clk  {rise@0.000ns fall@5.000ns period=10.000ns})
  Destination:            u_feat/recip1_r_reg[0]/D
                            (rising edge-triggered cell FDCE clocked by sys_clk  {rise@0.000ns fall@5.000ns period=10.000ns})
  Path Group:             sys_clk
  Path Type:              Setup (Max at Slow Process Corner)
  Requirement:            10.000ns  (sys_clk rise@10.000ns - sys_clk rise@0.000ns)
  Data Path Delay:        8.566ns  (logic 2.461ns (28.730%)  route 6.105ns (71.270%))
  Logic Levels:           9  (CARRY4=2 LUT2=1 LUT4=2 LUT5=1 LUT6=3)
  Clock Path Skew:        -0.145ns (DCD - SCD + CPR)
    Destination Clock Delay (DCD):    2.678ns = ( 12.678 - 10.000 ) 
    Source Clock Delay      (SCD):    2.938ns
    Clock Pessimism Removal (CPR):    0.115ns
  Clock Uncertainty:      0.035ns  ((TSJ^2 + TIJ^2)^1/2 + DJ) / 2 + PE
    Total System Jitter     (TSJ):    0.071ns
    Total Input Jitter      (TIJ):    0.000ns
    Discrete Jitter          (DJ):    0.000ns
    Phase Error              (PE):    0.000ns

    Location             Delay type                Incr(ns)  Path(ns)    Netlist Resource(s)
  -------------------------------------------------------------------    -------------------
                         (clock sys_clk rise edge)    0.000     0.000 r  <hidden>
    W5                                                0.000     0.000 r  clk
                         net (fo=0)                   0.000     0.000    clk
    W5                   IBUF (Prop_ibuf_I_O)         1.458     1.458 r  clk_IBUF_inst/O
                         net (fo=1, unplaced)         0.800     2.258    clk_IBUF
                         BUFG (Prop_bufg_I_O)         0.096     2.354 r  clk_IBUF_BUFG_inst/O
                         net (fo=2390, unplaced)      0.584     2.938    u_tob/clk_IBUF_BUFG
                         FDCE                                         r  u_tob/m_book_reg[bid_qty][1]/C
  -------------------------------------------------------------------    -------------------
                         FDCE (Prop_fdce_C_Q)         0.456     3.394 r  u_tob/m_book_reg[bid_qty][1]/Q
                         net (fo=4, unplaced)         0.494     3.888    u_tob/b_book[bid_qty][1]
                         LUT2 (Prop_lut2_I0_O)        0.295     4.183 r  u_tob/empty1_r_i_10/O
                         net (fo=1, unplaced)         0.000     4.183    u_tob/empty1_r_i_10_n_0
                         CARRY4 (Prop_carry4_S[1]_CO[3])
                                                      0.533     4.716 r  u_tob/empty1_r_reg_i_4/CO[3]
                         net (fo=1, unplaced)         0.009     4.725    u_tob/empty1_r_reg_i_4_n_0
                         CARRY4 (Prop_carry4_CI_O[2])
                                                      0.256     4.981 f  u_tob/empty1_r_reg_i_6/O[2]
                         net (fo=6, unplaced)         0.937     5.918    u_tob/u_feat/p_6_in
                         LUT4 (Prop_lut4_I1_O)        0.301     6.219 f  u_tob/numn1_r[17]_i_14/O
                         net (fo=4, unplaced)         0.926     7.145    u_tob/numn1_r[17]_i_14_n_0
                         LUT4 (Prop_lut4_I2_O)        0.124     7.269 r  u_tob/numn1_r[17]_i_5/O
                         net (fo=21, unplaced)        0.510     7.779    u_tob/numn1_r[17]_i_5_n_0
                         LUT5 (Prop_lut5_I3_O)        0.124     7.903 r  u_tob/recip1_r[12]_i_11/O
                         net (fo=4, unplaced)         1.135     9.038    u_tob/recip1_r[12]_i_11_n_0
                         LUT6 (Prop_lut6_I0_O)        0.124     9.162 r  u_tob/recip1_r[12]_i_6/O
                         net (fo=48, unplaced)        1.192    10.354    u_feat/sel[5]
                         LUT6 (Prop_lut6_I1_O)        0.124    10.478 r  u_feat/recip1_r[0]_i_3/O
                         net (fo=1, unplaced)         0.902    11.380    u_feat/recip1_r[0]_i_3_n_0
                         LUT6 (Prop_lut6_I1_O)        0.124    11.504 r  u_feat/recip1_r[0]_i_1/O
                         net (fo=1, unplaced)         0.000    11.504    u_feat/recip1_r[0]_i_1_n_0
                         FDCE                                         r  u_feat/recip1_r_reg[0]/D
  -------------------------------------------------------------------    -------------------

                         (clock sys_clk rise edge)   10.000    10.000 r  <hidden>
    W5                                                0.000    10.000 r  clk
                         net (fo=0)                   0.000    10.000    clk
    W5                   IBUF (Prop_ibuf_I_O)         1.388    11.388 r  clk_IBUF_inst/O
                         net (fo=1, unplaced)         0.760    12.148    clk_IBUF
                         BUFG (Prop_bufg_I_O)         0.091    12.239 r  clk_IBUF_BUFG_inst/O
                         net (fo=2390, unplaced)      0.439    12.678    u_feat/clk_IBUF_BUFG
                         FDCE                                         r  u_feat/recip1_r_reg[0]/C
                         clock pessimism              0.115    12.793    <hidden>
                         clock uncertainty           -0.035    12.758    <hidden>
                         FDCE (Setup_fdce_C_D)        0.029    12.787    u_feat/recip1_r_reg[0]
  -------------------------------------------------------------------
                         required time                         12.787    <hidden>
                         arrival time                         -11.504    <hidden>
  -------------------------------------------------------------------
                         slack                                  1.283    <hidden>





Min Delay Paths
--------------------------------------------------------------------------------------
Slack (MET) :             0.045ns  (arrival time - required time)
  Source:                 u_cfgl/s1_reg/C
                            (rising edge-triggered cell FDCE clocked by sys_clk  {rise@0.000ns fall@5.000ns period=10.000ns})
  Destination:            u_cfgl/s2_reg/D
                            (rising edge-triggered cell FDCE clocked by sys_clk  {rise@0.000ns fall@5.000ns period=10.000ns})
  Path Group:             sys_clk
  Path Type:              Hold (Min at Fast Process Corner)
  Requirement:            0.000ns  (sys_clk rise@0.000ns - sys_clk rise@0.000ns)
  Data Path Delay:        0.228ns  (logic 0.147ns (64.493%)  route 0.081ns (35.507%))
  Logic Levels:           0  
  Clock Path Skew:        0.145ns (DCD - SCD - CPR)
    Destination Clock Delay (DCD):    1.057ns
    Source Clock Delay      (SCD):    0.704ns
    Clock Pessimism Removal (CPR):    0.208ns

    Location             Delay type                Incr(ns)  Path(ns)    Netlist Resource(s)
  -------------------------------------------------------------------    -------------------
                         (clock sys_clk rise edge)    0.000     0.000 r  <hidden>
    W5                                                0.000     0.000 r  clk
                         net (fo=0)                   0.000     0.000    clk
    W5                   IBUF (Prop_ibuf_I_O)         0.226     0.226 r  clk_IBUF_inst/O
                         net (fo=1, unplaced)         0.337     0.564    clk_IBUF
                         BUFG (Prop_bufg_I_O)         0.026     0.590 r  clk_IBUF_BUFG_inst/O
                         net (fo=2390, unplaced)      0.114     0.704    u_cfgl/clk_IBUF_BUFG
                         FDCE                                         r  u_cfgl/s1_reg/C
  -------------------------------------------------------------------    -------------------
                         FDCE (Prop_fdce_C_Q)         0.147     0.851 r  u_cfgl/s1_reg/Q
                         net (fo=1, unplaced)         0.081     0.931    u_cfgl/s1
                         FDCE                                         r  u_cfgl/s2_reg/D
  -------------------------------------------------------------------    -------------------

                         (clock sys_clk rise edge)    0.000     0.000 r  <hidden>
    W5                                                0.000     0.000 r  clk
                         net (fo=0)                   0.000     0.000    clk
    W5                   IBUF (Prop_ibuf_I_O)         0.414     0.414 r  clk_IBUF_inst/O
                         net (fo=1, unplaced)         0.355     0.769    clk_IBUF
                         BUFG (Prop_bufg_I_O)         0.029     0.798 r  clk_IBUF_BUFG_inst/O
                         net (fo=2390, unplaced)      0.259     1.057    u_cfgl/clk_IBUF_BUFG
                         FDCE                                         r  u_cfgl/s2_reg/C
                         clock pessimism             -0.208     0.849    <hidden>
                         FDCE (Hold_fdce_C_D)         0.038     0.887    u_cfgl/s2_reg
  -------------------------------------------------------------------
                         required time                         -0.887    <hidden>
                         arrival time                           0.931    <hidden>
  -------------------------------------------------------------------
                         slack                                  0.045    <hidden>





Pulse Width Checks
--------------------------------------------------------------------------------------
Clock Name:         sys_clk
Waveform(ns):       { 0.000 5.000 }
Period(ns):         10.000
Sources:            { clk }

Check Type        Corner  Lib Pin             Reference Pin  Required(ns)  Actual(ns)  Slack(ns)  Location  Pin
Min Period        n/a     RAMB36E1/CLKARDCLK  n/a            2.576         10.000      7.424                u_rom/data_reg_0/CLKARDCLK
Low Pulse Width   Slow    SRL16E/CLK          n/a            0.980         5.000       4.020                u_feat/m_err_reg[bad_rsv]_srl3_u_feat_m_err_reg_c/CLK
High Pulse Width  Slow    SRL16E/CLK          n/a            0.980         5.000       4.020                u_feat/m_err_reg[bad_rsv]_srl3_u_feat_m_err_reg_c/CLK



---------------------------------------------------------------------------------------------------
Path Group:  **async_default**
From Clock:  sys_clk
  To Clock:  sys_clk

Setup :            0  Failing Endpoints,  Worst Slack        7.411ns,  Total Violation        0.000ns
Hold  :            0  Failing Endpoints,  Worst Slack        0.705ns,  Total Violation        0.000ns
---------------------------------------------------------------------------------------------------


Max Delay Paths
--------------------------------------------------------------------------------------
Slack (MET) :             7.411ns  (required time - arrival time)
  Source:                 u_rst/stage2_reg/C
                            (rising edge-triggered cell FDCE clocked by sys_clk  {rise@0.000ns fall@5.000ns period=10.000ns})
  Destination:            m_decision_reg[1]_i_112/CLR
                            (recovery check against rising-edge clock sys_clk  {rise@0.000ns fall@5.000ns period=10.000ns})
  Path Group:             **async_default**
  Path Type:              Recovery (Max at Slow Process Corner)
  Requirement:            10.000ns  (sys_clk rise@10.000ns - sys_clk rise@0.000ns)
  Data Path Delay:        2.000ns  (logic 0.773ns (38.650%)  route 1.227ns (61.350%))
  Logic Levels:           1  (LUT1=1)
  Clock Path Skew:        -0.145ns (DCD - SCD + CPR)
    Destination Clock Delay (DCD):    2.678ns = ( 12.678 - 10.000 ) 
    Source Clock Delay      (SCD):    2.938ns
    Clock Pessimism Removal (CPR):    0.115ns
  Clock Uncertainty:      0.035ns  ((TSJ^2 + TIJ^2)^1/2 + DJ) / 2 + PE
    Total System Jitter     (TSJ):    0.071ns
    Total Input Jitter      (TIJ):    0.000ns
    Discrete Jitter          (DJ):    0.000ns
    Phase Error              (PE):    0.000ns

    Location             Delay type                Incr(ns)  Path(ns)    Netlist Resource(s)
  -------------------------------------------------------------------    -------------------
                         (clock sys_clk rise edge)    0.000     0.000 r  <hidden>
    W5                                                0.000     0.000 r  clk
                         net (fo=0)                   0.000     0.000    clk
    W5                   IBUF (Prop_ibuf_I_O)         1.458     1.458 r  clk_IBUF_inst/O
                         net (fo=1, unplaced)         0.800     2.258    clk_IBUF
                         BUFG (Prop_bufg_I_O)         0.096     2.354 r  clk_IBUF_BUFG_inst/O
                         net (fo=2390, unplaced)      0.584     2.938    u_rst/clk_IBUF_BUFG
                         FDCE                                         r  u_rst/stage2_reg/C
  -------------------------------------------------------------------    -------------------
                         FDCE (Prop_fdce_C_Q)         0.478     3.416 r  u_rst/stage2_reg/Q
                         net (fo=1, unplaced)         0.311     3.727    u_rst/stage2
                         LUT1 (Prop_lut1_I0_O)        0.295     4.022 f  u_rst/idx_rep[3]_i_3/O
                         net (fo=2372, unplaced)      0.916     4.938    u_rst_n_0
                         FDCE                                         f  m_decision_reg[1]_i_112/CLR
  -------------------------------------------------------------------    -------------------

                         (clock sys_clk rise edge)   10.000    10.000 r  <hidden>
    W5                                                0.000    10.000 r  clk
                         net (fo=0)                   0.000    10.000    clk
    W5                   IBUF (Prop_ibuf_I_O)         1.388    11.388 r  clk_IBUF_inst/O
                         net (fo=1, unplaced)         0.760    12.148    clk_IBUF
                         BUFG (Prop_bufg_I_O)         0.091    12.239 r  clk_IBUF_BUFG_inst/O
                         net (fo=2390, unplaced)      0.439    12.678    clk_IBUF_BUFG
                         FDCE                                         r  m_decision_reg[1]_i_112/C
                         clock pessimism              0.115    12.793    <hidden>
                         clock uncertainty           -0.035    12.758    <hidden>
                         FDCE (Recov_fdce_C_CLR)     -0.409    12.349    m_decision_reg[1]_i_112
  -------------------------------------------------------------------
                         required time                         12.349    <hidden>
                         arrival time                          -4.938    <hidden>
  -------------------------------------------------------------------
                         slack                                  7.411    <hidden>





Min Delay Paths
--------------------------------------------------------------------------------------
Slack (MET) :             0.705ns  (arrival time - required time)
  Source:                 u_rst/stage2_reg/C
                            (rising edge-triggered cell FDCE clocked by sys_clk  {rise@0.000ns fall@5.000ns period=10.000ns})
  Destination:            buy_cnt_reg[0]/CLR
                            (removal check against rising-edge clock sys_clk  {rise@0.000ns fall@5.000ns period=10.000ns})
  Path Group:             **async_default**
  Path Type:              Removal (Min at Fast Process Corner)
  Requirement:            0.000ns  (sys_clk rise@0.000ns - sys_clk rise@0.000ns)
  Data Path Delay:        0.762ns  (logic 0.245ns (32.144%)  route 0.517ns (67.856%))
  Logic Levels:           1  (LUT1=1)
  Clock Path Skew:        0.145ns (DCD - SCD - CPR)
    Destination Clock Delay (DCD):    1.057ns
    Source Clock Delay      (SCD):    0.704ns
    Clock Pessimism Removal (CPR):    0.208ns

    Location             Delay type                Incr(ns)  Path(ns)    Netlist Resource(s)
  -------------------------------------------------------------------    -------------------
                         (clock sys_clk rise edge)    0.000     0.000 r  <hidden>
    W5                                                0.000     0.000 r  clk
                         net (fo=0)                   0.000     0.000    clk
    W5                   IBUF (Prop_ibuf_I_O)         0.226     0.226 r  clk_IBUF_inst/O
                         net (fo=1, unplaced)         0.337     0.564    clk_IBUF
                         BUFG (Prop_bufg_I_O)         0.026     0.590 r  clk_IBUF_BUFG_inst/O
                         net (fo=2390, unplaced)      0.114     0.704    u_rst/clk_IBUF_BUFG
                         FDCE                                         r  u_rst/stage2_reg/C
  -------------------------------------------------------------------    -------------------
                         FDCE (Prop_fdce_C_Q)         0.147     0.851 r  u_rst/stage2_reg/Q
                         net (fo=1, unplaced)         0.131     0.982    u_rst/stage2
                         LUT1 (Prop_lut1_I0_O)        0.098     1.080 f  u_rst/idx_rep[3]_i_3/O
                         net (fo=2372, unplaced)      0.386     1.466    u_rst_n_0
                         FDCE                                         f  buy_cnt_reg[0]/CLR
  -------------------------------------------------------------------    -------------------

                         (clock sys_clk rise edge)    0.000     0.000 r  <hidden>
    W5                                                0.000     0.000 r  clk
                         net (fo=0)                   0.000     0.000    clk
    W5                   IBUF (Prop_ibuf_I_O)         0.414     0.414 r  clk_IBUF_inst/O
                         net (fo=1, unplaced)         0.355     0.769    clk_IBUF
                         BUFG (Prop_bufg_I_O)         0.029     0.798 r  clk_IBUF_BUFG_inst/O
                         net (fo=2390, unplaced)      0.259     1.057    clk_IBUF_BUFG
                         FDCE                                         r  buy_cnt_reg[0]/C
                         clock pessimism             -0.208     0.849    <hidden>
                         FDCE (Remov_fdce_C_CLR)     -0.088     0.761    buy_cnt_reg[0]
  -------------------------------------------------------------------
                         required time                         -0.761    <hidden>
                         arrival time                           1.466    <hidden>
  -------------------------------------------------------------------
                         slack                                  0.705    <hidden>





